>text<div>text</div>
#^^^^ source.astro text.astro
#    ^ source.astro meta.scope.tag.div.astro meta.tag.start.astro punctuation.definition.tag.begin.astro
#     ^^^ source.astro meta.scope.tag.div.astro meta.tag.start.astro entity.name.tag.astro
#        ^ source.astro meta.scope.tag.div.astro meta.tag.start.astro punctuation.definition.tag.end.astro
#         ^^^^ source.astro text.astro
#             ^^ source.astro meta.scope.tag.div.astro meta.tag.end.astro punctuation.definition.tag.begin.astro
#               ^^^ source.astro meta.scope.tag.div.astro meta.tag.end.astro entity.name.tag.astro
#                  ^ source.astro meta.scope.tag.div.astro meta.tag.end.astro punctuation.definition.tag.end.astro
><div>text</div>text
#^ source.astro meta.scope.tag.div.astro meta.tag.start.astro punctuation.definition.tag.begin.astro
# ^^^ source.astro meta.scope.tag.div.astro meta.tag.start.astro entity.name.tag.astro
#    ^ source.astro meta.scope.tag.div.astro meta.tag.start.astro punctuation.definition.tag.end.astro
#     ^^^^ source.astro text.astro
#         ^^ source.astro meta.scope.tag.div.astro meta.tag.end.astro punctuation.definition.tag.begin.astro
#           ^^^ source.astro meta.scope.tag.div.astro meta.tag.end.astro entity.name.tag.astro
#              ^ source.astro meta.scope.tag.div.astro meta.tag.end.astro punctuation.definition.tag.end.astro
#               ^^^^ source.astro text.astro
>text{"text"}
#^^^^ source.astro text.astro
#    ^ source.astro punctuation.section.embedded.begin.astro
#     ^^^^^^ source.astro meta.embedded.expression.astro source.tsx
#           ^ source.astro punctuation.section.embedded.end.astro
>{"text"}text
#^ source.astro punctuation.section.embedded.begin.astro
# ^^^^^^ source.astro meta.embedded.expression.astro source.tsx
#       ^ source.astro punctuation.section.embedded.end.astro
#        ^^^^ source.astro text.astro