>---
#^^^ source.astro comment
>	import { Markdown } from "astro/components"
#^^^^^^^^^^^^^^^^^^^^^^^^^^^^^^^^^^^^^^^^^^^^^ source.astro source.ts
>---
#^^^ source.astro comment
>
><Markdown>
#^ source.astro punctuation.definition.tag.begin.astro
# ^^^^^^^^ source.astro entity.name.tag.astro support.class.component.astro
#         ^ source.astro punctuation.definition.tag.end.html
>	# Title
#^^^^^^^^^ source.astro text.html.markdown
></Markdown>
#^^ source.astro punctuation.definition.tag.begin.astro
#  ^^^^^^^^ source.astro entity.name.tag.astro support.class.component.astro
#          ^ source.astro punctuation.definition.tag.end.astro
>