><style is:raw>
#^ source.astro punctuation.definition.tag.begin.html
# ^^^^^ source.astro entity.name.tag.html
#      ^ source.astro
#       ^^^^^^ source.astro meta.attribute.is:raw.html entity.other.attribute-name.html
#             ^ source.astro punctuation.definition.tag.end.html
>	h1 {
#^^^^^^ source.astro source.unknown
>		color: red
#^^^^^^^^^^^^^ source.astro source.unknown
>	}
#^^^ source.astro source.unknown
></style>
#^^ source.astro punctuation.definition.tag.begin.html
#  ^^^^^ source.astro entity.name.tag.html
#       ^ source.astro punctuation.definition.tag.end.html
>